\BOOKMARK [1][-]{section.1}{\376\377\000T\000h\000e\000\040\000B\000i\000g\000\040\000P\000i\000c\000t\000u\000r\000e\000:\000\040\000W\000h\000a\000t\000\040\000P\000r\000o\000b\000l\000e\000m\000\040\000A\000r\000e\000\040\000W\000e\000\040\000S\000o\000l\000v\000i\000n\000g\000?}{}% 1
\BOOKMARK [1][-]{section.2}{\376\377\000S\000t\000e\000p\000\040\0001\000:\000\040\000T\000h\000e\000\040\000G\000a\000z\000e\000b\000o\000\040\000W\000o\000r\000l\000d\000\040\000D\000e\000f\000i\000n\000e\000s\000\040\000`\000`\000W\000h\000e\000r\000e\000\040\000o\000n\000\040\000E\000a\000r\000t\000h\000'\000'}{}% 2
\BOOKMARK [2][-]{subsection.2.1}{\376\377\000S\000p\000h\000e\000r\000i\000c\000a\000l\000\040\000C\000o\000o\000r\000d\000i\000n\000a\000t\000e\000s\000\040\000i\000n\000\040\000a\000g\000r\000i\000c\000u\000l\000t\000u\000r\000e\000.\000w\000o\000r\000l\000d}{section.2}% 3
\BOOKMARK [2][-]{subsection.2.2}{\376\377\000H\000o\000w\000\040\000t\000h\000e\000\040\000N\000a\000v\000S\000a\000t\000\040\000S\000e\000n\000s\000o\000r\000\040\000G\000e\000n\000e\000r\000a\000t\000e\000s\000\040\000G\000P\000S\000\040\000R\000e\000a\000d\000i\000n\000g\000s}{section.2}% 4
\BOOKMARK [1][-]{section.3}{\376\377\000S\000t\000e\000p\000\040\0002\000:\000\040\000F\000r\000o\000m\000\040\000L\000a\000t\000/\000L\000o\000n\000\040\000t\000o\000\040\000L\000o\000c\000a\000l\000\040\000X\000Y\000\040\000M\000e\000t\000e\000r\000s}{}% 5
\BOOKMARK [2][-]{subsection.3.1}{\376\377\000T\000h\000e\000\040\000U\000T\000M\000\040\000P\000r\000o\000j\000e\000c\000t\000i\000o\000n}{section.3}% 6
\BOOKMARK [2][-]{subsection.3.2}{\376\377\000T\000h\000e\000\040\000F\000i\000r\000s\000t\000-\000F\000i\000x\000\040\000D\000a\000t\000u\000m\000:\000\040\000W\000h\000e\000r\000e\000\040\000I\000s\000\040\000\050\0000\000,\000\040\0000\000\051\000?}{section.3}% 7
\BOOKMARK [1][-]{section.4}{\376\377\000S\000t\000e\000p\000\040\0003\000:\000\040\000H\000e\000a\000d\000i\000n\000g\000\040\000A\000l\000i\000g\000n\000m\000e\000n\000t\040\024\000W\000h\000i\000c\000h\000\040\000W\000a\000y\000\040\000I\000s\000\040\000`\000`\000F\000o\000r\000w\000a\000r\000d\000'\000'\000?}{}% 8
\BOOKMARK [2][-]{subsection.4.1}{\376\377\000W\000h\000y\000\040\000N\000o\000t\000\040\000U\000s\000e\000\040\000I\000M\000U\000\040\000Y\000a\000w\000\040\000D\000i\000r\000e\000c\000t\000l\000y\000?}{section.4}% 9
\BOOKMARK [2][-]{subsection.4.2}{\376\377\000H\000o\000w\000\040\000u\000s\000e\000\137\000o\000d\000o\000m\000e\000t\000r\000y\000\137\000y\000a\000w\000:\000\040\000t\000r\000u\000e\000\040\000S\000o\000l\000v\000e\000s\000\040\000T\000h\000i\000s}{section.4}% 10
\BOOKMARK [1][-]{section.5}{\376\377\000S\000t\000e\000p\000\040\0004\000:\000\040\000T\000h\000e\000\040\000T\000h\000r\000e\000e\000\040\000C\000o\000o\000r\000d\000i\000n\000a\000t\000e\000\040\000F\000r\000a\000m\000e\000s}{}% 11
\BOOKMARK [2][-]{subsection.5.1}{\376\377\000F\000r\000a\000m\000e\000\040\000D\000e\000f\000i\000n\000i\000t\000i\000o\000n\000s}{section.5}% 12
\BOOKMARK [2][-]{subsection.5.2}{\376\377\000W\000h\000o\000\040\000P\000u\000b\000l\000i\000s\000h\000e\000s\000\040\000W\000h\000a\000t}{section.5}% 13
\BOOKMARK [1][-]{section.6}{\376\377\000S\000t\000e\000p\000\040\0005\000:\000\040\0002\000D\000\040\000M\000o\000d\000e\040\024\000P\000r\000o\000j\000e\000c\000t\000i\000n\000g\000\040\000t\000o\000\040\000t\000h\000e\000\040\000G\000r\000o\000u\000n\000d\000\040\000P\000l\000a\000n\000e}{}% 14
\BOOKMARK [2][-]{subsection.6.1}{\376\377\000T\000h\000e\000\040\000F\000u\000l\000l\000\040\0001\0005\000-\000E\000l\000e\000m\000e\000n\000t\000\040\000S\000t\000a\000t\000e}{section.6}% 15
\BOOKMARK [2][-]{subsection.6.2}{\376\377\000W\000h\000a\000t\000\040\000t\000w\000o\000\137\000d\000\137\000m\000o\000d\000e\000:\000\040\000t\000r\000u\000e\000\040\000A\000c\000t\000u\000a\000l\000l\000y\000\040\000D\000o\000e\000s}{section.6}% 16
\BOOKMARK [1][-]{section.7}{\376\377\000S\000t\000e\000p\000\040\0006\000:\000\040\000W\000h\000y\000\040\000G\000P\000S\000\040\000I\000s\000\040\000E\000x\000c\000l\000u\000d\000e\000d\000\040\000f\000r\000o\000m\000\040\000E\000K\000F\000\043\0002}{}% 17
\BOOKMARK [2][-]{subsection.7.1}{\376\377\000T\000h\000e\000\040\000C\000o\000v\000a\000r\000i\000a\000n\000c\000e\000\040\000C\000r\000o\000s\000s\000-\000T\000e\000r\000m\000\040\000P\000r\000o\000b\000l\000e\000m}{section.7}% 18
\BOOKMARK [2][-]{subsection.7.2}{\376\377\000T\000h\000e\000\040\000S\000o\000l\000u\000t\000i\000o\000n\000:\000\040\000S\000e\000n\000s\000o\000r\000\040\000C\000o\000n\000s\000e\000n\000s\000u\000s}{section.7}% 19
\BOOKMARK [1][-]{section.8}{\376\377\000S\000t\000e\000p\000\040\0007\000:\000\040\000T\000h\000e\000\040\000C\000o\000m\000p\000l\000e\000t\000e\000\040\000D\000a\000t\000a\000\040\000F\000l\000o\000w}{}% 20
\BOOKMARK [1][-]{section.9}{\376\377\000S\000t\000e\000p\000\040\0008\000:\000\040\000T\000h\000e\000\040\000T\000F\000\040\000F\000r\000a\000m\000e\000\040\000H\000i\000e\000r\000a\000r\000c\000h\000y}{}% 21
\BOOKMARK [2][-]{subsection.9.1}{\376\377\000I\000n\000i\000t\000i\000a\000l\000\040\000C\000o\000v\000a\000r\000i\000a\000n\000c\000e\000:\000\040\000T\000h\000e\000\040\0001\0000\000-\0009\000\040\000L\000o\000c\000k}{section.9}% 22
\BOOKMARK [1][-]{section.10}{\376\377\000R\000T\000A\000B\000-\000M\000a\000p\000\040\000V\000i\000s\000u\000a\000l\000\040\000O\000d\000o\000m\000e\000t\000r\000y\000\040\000\050\000R\000G\000B\000-\000D\000\051}{}% 23
\BOOKMARK [2][-]{subsection.10.1}{\376\377\000I\000n\000p\000u\000t\000s}{section.10}% 24
\BOOKMARK [2][-]{subsection.10.2}{\376\377\000H\000o\000w\000\040\000I\000t\000\040\000W\000o\000r\000k\000s\000\040\000\050\000S\000t\000e\000p\000\040\000b\000y\000\040\000S\000t\000e\000p\000\051}{section.10}% 25
\BOOKMARK [2][-]{subsection.10.3}{\376\377\000O\000u\000t\000p\000u\000t}{section.10}% 26
\BOOKMARK [1][-]{section.11}{\376\377\000R\000T\000A\000B\000-\000M\000a\000p\000\040\000I\000C\000P\000\040\000L\000i\000D\000A\000R\000\040\000O\000d\000o\000m\000e\000t\000r\000y}{}% 27
\BOOKMARK [2][-]{subsection.11.1}{\376\377\000I\000n\000p\000u\000t\000s}{section.11}% 28
\BOOKMARK [2][-]{subsection.11.2}{\376\377\000H\000o\000w\000\040\000I\000t\000\040\000W\000o\000r\000k\000s\000\040\000\050\000S\000t\000e\000p\000\040\000b\000y\000\040\000S\000t\000e\000p\000\051}{section.11}% 29
\BOOKMARK [2][-]{subsection.11.3}{\376\377\000O\000u\000t\000p\000u\000t}{section.11}% 30
\BOOKMARK [2][-]{subsection.11.4}{\376\377\000V\000i\000s\000u\000a\000l\000\040\000O\000d\000o\000m\000\040\000v\000s\000.\000\040\000L\000i\000D\000A\000R\000\040\000O\000d\000o\000m\000:\000\040\000K\000e\000y\000\040\000D\000i\000f\000f\000e\000r\000e\000n\000c\000e\000s}{section.11}% 31
\BOOKMARK [1][-]{section.12}{\376\377\000H\000o\000w\000\040\000t\000h\000e\000\040\000E\000K\000F\000\040\000C\000o\000n\000s\000u\000m\000e\000s\000\040\000O\000d\000o\000m\000e\000t\000r\000y\000:\000\040\000D\000i\000f\000f\000e\000r\000e\000n\000t\000i\000a\000l\000\040\000M\000o\000d\000e}{}% 32
\BOOKMARK [1][-]{section.13}{\376\377\000T\000h\000e\000\040\000S\000e\000n\000s\000o\000r\000\040\000S\000e\000l\000e\000c\000t\000i\000o\000n\000\040\000M\000a\000t\000r\000i\000x}{}% 33
\BOOKMARK [1][-]{section.14}{\376\377\000S\000u\000m\000m\000a\000r\000y\000:\000\040\000Y\000o\000u\000r\000\040\000C\000o\000n\000f\000i\000g\000\040\000D\000e\000c\000i\000s\000i\000o\000n\000s\000\040\000a\000t\000\040\000a\000\040\000G\000l\000a\000n\000c\000e}{}% 34
