\BOOKMARK [1][-]{section.1}{\376\377\000T\000h\000e\000\040\000T\000h\000r\000e\000e\000\040\000E\000K\000F\000s\000\040\000i\000n\000\040\000t\000h\000i\000s\000\040\000P\000r\000o\000j\000e\000c\000t}{}% 1
\BOOKMARK [1][-]{section.2}{\376\377\000S\000t\000a\000t\000e\000\040\000V\000e\000c\000t\000o\000r\000\040\000R\000e\000f\000r\000e\000s\000h\000e\000r}{}% 2
\BOOKMARK [1][-]{section.3}{\376\377\000F\000r\000a\000m\000e\000\040\000P\000a\000r\000a\000m\000e\000t\000e\000r\000s}{}% 3
\BOOKMARK [1][-]{section.4}{\376\377\000T\000i\000m\000i\000n\000g\000\040\000P\000a\000r\000a\000m\000e\000t\000e\000r\000s}{}% 4
\BOOKMARK [1][-]{section.5}{\376\377\000M\000o\000d\000e\000\040\000P\000a\000r\000a\000m\000e\000t\000e\000r\000s}{}% 5
\BOOKMARK [1][-]{section.6}{\376\377\000S\000e\000n\000s\000o\000r\000\040\000I\000n\000p\000u\000t\000\040\000C\000o\000n\000f\000i\000g\000u\000r\000a\000t\000i\000o\000n}{}% 6
\BOOKMARK [2][-]{subsection.6.1}{\376\377\000T\000o\000p\000i\000c\000\040\000N\000a\000m\000e\000\040\000\050\000o\000d\000o\000m\000N\000,\000\040\000i\000m\000u\000N\000,\000\040\000p\000o\000s\000e\000N\000,\000\040\000t\000w\000i\000s\000t\000N\000\051}{section.6}% 7
\BOOKMARK [2][-]{subsection.6.2}{\376\377\0001\0005\000-\000B\000i\000t\000\040\000C\000o\000n\000f\000i\000g\000u\000r\000a\000t\000i\000o\000n\000\040\000A\000r\000r\000a\000y}{section.6}% 8
\BOOKMARK [2][-]{subsection.6.3}{\376\377\000D\000i\000f\000f\000e\000r\000e\000n\000t\000i\000a\000l\000\040\000M\000o\000d\000e}{section.6}% 9
\BOOKMARK [2][-]{subsection.6.4}{\376\377\000Q\000u\000e\000u\000e\000\040\000a\000n\000d\000\040\000L\000a\000t\000e\000n\000c\000y}{section.6}% 10
\BOOKMARK [1][-]{section.7}{\376\377\000M\000e\000a\000s\000u\000r\000e\000m\000e\000n\000t\000\040\000R\000e\000j\000e\000c\000t\000i\000o\000n\000\040\000T\000h\000r\000e\000s\000h\000o\000l\000d\000s}{}% 11
\BOOKMARK [1][-]{section.8}{\376\377\000P\000r\000o\000c\000e\000s\000s\000\040\000N\000o\000i\000s\000e\000\040\000C\000o\000v\000a\000r\000i\000a\000n\000c\000e\000\040\000R\000t}{}% 12
\BOOKMARK [1][-]{section.9}{\376\377\000I\000n\000i\000t\000i\000a\000l\000\040\000E\000s\000t\000i\000m\000a\000t\000e\000\040\000C\000o\000v\000a\000r\000i\000a\000n\000c\000e\000\040\0000}{}% 13
\BOOKMARK [1][-]{section.10}{\376\377\000C\000o\000n\000t\000r\000o\000l\000\040\000I\000n\000p\000u\000t\000\040\000P\000a\000r\000a\000m\000e\000t\000e\000r\000s\000\040\000\050\000L\000o\000c\000a\000l\000\040\000E\000K\000F\000\040\000O\000n\000l\000y\000\051}{}% 14
\BOOKMARK [1][-]{section.11}{\376\377\000W\000h\000y\000\040\000G\000P\000S\000\040\000i\000s\000\040\000E\000x\000c\000l\000u\000d\000e\000d\000\040\000f\000r\000o\000m\000\040\000E\000K\000F\000\040\000\043\0002\000\040\000\050\000C\000o\000v\000a\000r\000i\000a\000n\000c\000e\000\040\000C\000r\000o\000s\000s\000-\000T\000e\000r\000m\000\040\000L\000e\000a\000k\000\051}{}% 15
\BOOKMARK [2][-]{subsection.11.1}{\376\377\000T\000h\000e\000\040\000C\000r\000o\000s\000s\000-\000C\000o\000v\000a\000r\000i\000a\000n\000c\000e\000\040\000P\000r\000o\000b\000l\000e\000m}{section.11}% 16
\BOOKMARK [2][-]{subsection.11.2}{\376\377\000T\000h\000e\000\040\000L\000e\000a\000k\000\040\000P\000a\000t\000h}{section.11}% 17
\BOOKMARK [2][-]{subsection.11.3}{\376\377\000N\000u\000m\000e\000r\000i\000c\000a\000l\000\040\000E\000x\000a\000m\000p\000l\000e\000\040\000\050\000P\000r\000o\000j\000e\000c\000t\000\040\000V\000a\000l\000u\000e\000s\000\051}{section.11}% 18
\BOOKMARK [2][-]{subsection.11.4}{\376\377\000C\000o\000m\000p\000o\000u\000n\000d\000i\000n\000g\000\040\000v\000i\000a\000\040\000V\000O\000/\000L\000i\000D\000A\000R}{section.11}% 19
\BOOKMARK [2][-]{subsection.11.5}{\376\377\000W\000h\000y\000\040\000t\000h\000e\000\040\000C\000a\000n\000o\000n\000i\000c\000a\000l\000\040\000T\000u\000t\000o\000r\000i\000a\000l\000\040\000D\000o\000e\000s\000n\000'\000t\000\040\000S\000u\000f\000f\000e\000r}{section.11}% 20
\BOOKMARK [2][-]{subsection.11.6}{\376\377\000T\000h\000e\000\040\000S\000e\000n\000s\000o\000r\000\040\000C\000o\000n\000s\000e\000n\000s\000u\000s\000\040\000S\000o\000l\000u\000t\000i\000o\000n}{section.11}% 21
\BOOKMARK [2][-]{subsection.11.7}{\376\377\000T\000r\000a\000d\000e\000-\000O\000f\000f}{section.11}% 22
\BOOKMARK [2][-]{subsection.11.8}{\376\377\000I\000f\000\040\000Y\000o\000u\000\040\000N\000e\000e\000d\000\040\000G\000l\000o\000b\000a\000l\000\040\000A\000n\000c\000h\000o\000r\000i\000n\000g\000\040\000B\000a\000c\000k}{section.11}% 23
\BOOKMARK [2][-]{subsection.11.9}{\376\377\000W\000h\000e\000r\000e\000\040\000t\000o\000\040\000L\000o\000o\000k\000\040\000i\000n\000\040\000Y\000A\000M\000L}{section.11}% 24
\BOOKMARK [1][-]{section.12}{\376\377\000N\000a\000v\000S\000a\000t\000\040\000T\000r\000a\000n\000s\000f\000o\000r\000m\000\040\000P\000a\000r\000a\000m\000e\000t\000e\000r\000s}{}% 25
\BOOKMARK [1][-]{section.13}{\376\377\000P\000e\000r\000-\000S\000e\000n\000s\000o\000r\000\040\000C\000o\000v\000a\000r\000i\000a\000n\000c\000e\000\040\000O\000v\000e\000r\000r\000i\000d\000e}{}% 26
\BOOKMARK [1][-]{section.14}{\376\377\000I\000M\000U\000-\000S\000p\000e\000c\000i\000f\000i\000c\000\040\000P\000a\000r\000a\000m\000e\000t\000e\000r\000s}{}% 27
\BOOKMARK [1][-]{section.15}{\376\377\000T\000h\000e\000\040\000B\000i\000g\000\040\000P\000i\000c\000t\000u\000r\000e\000:\000\040\000H\000o\000w\000\040\000P\000a\000r\000a\000m\000e\000t\000e\000r\000s\000\040\000C\000o\000m\000p\000o\000s\000e}{}% 28
\BOOKMARK [2][-]{subsection.15.1}{\376\377\000C\000a\000u\000s\000a\000l\000\040\000C\000h\000a\000i\000n\000\040\040\024\000\040\000O\000n\000e\000\040\000U\000p\000d\000a\000t\000e\000\040\000C\000y\000c\000l\000e}{section.15}% 29
\BOOKMARK [2][-]{subsection.15.2}{\376\377\000T\000h\000e\000\040\000T\000r\000u\000s\000t\000\040\000T\000r\000i\000a\000n\000g\000l\000e}{section.15}% 30
\BOOKMARK [2][-]{subsection.15.3}{\376\377\000W\000h\000y\000\040\000E\000K\000F\000\040\000\043\0001\000\040\000a\000n\000d\000\040\000E\000K\000F\000\040\000\043\0002\000\040\000H\000a\000v\000e\000\040\000D\000i\000f\000f\000e\000r\000e\000n\000t\000\040\000R\000t}{section.15}% 31
\BOOKMARK [1][-]{section.16}{\376\377\000T\000u\000n\000i\000n\000g\000\040\000W\000o\000r\000k\000f\000l\000o\000w}{}% 32
\BOOKMARK [2][-]{subsection.16.1}{\376\377\000I\000n\000i\000t\000i\000a\000l\000\040\000S\000a\000n\000i\000t\000y\000\040\000C\000h\000e\000c\000k}{section.16}% 33
\BOOKMARK [2][-]{subsection.16.2}{\376\377\000S\000t\000a\000t\000i\000o\000n\000a\000r\000y\000\040\000T\000e\000s\000t}{section.16}% 34
\BOOKMARK [2][-]{subsection.16.3}{\376\377\000S\000t\000r\000a\000i\000g\000h\000t\000-\000L\000i\000n\000e\000\040\000T\000e\000s\000t}{section.16}% 35
\BOOKMARK [2][-]{subsection.16.4}{\376\377\000T\000u\000r\000n\000-\000i\000n\000-\000P\000l\000a\000c\000e\000\040\000T\000e\000s\000t}{section.16}% 36
\BOOKMARK [2][-]{subsection.16.5}{\376\377\000N\000I\000S\000\040\000V\000a\000l\000i\000d\000a\000t\000i\000o\000n}{section.16}% 37
\BOOKMARK [2][-]{subsection.16.6}{\376\377\000C\000o\000m\000m\000o\000n\000\040\000F\000a\000i\000l\000u\000r\000e\000\040\000D\000i\000a\000g\000n\000o\000s\000e\000s}{section.16}% 38
\BOOKMARK [1][-]{section.17}{\376\377\000Q\000u\000i\000c\000k\000\040\000R\000e\000f\000e\000r\000e\000n\000c\000e\000\040\000T\000a\000b\000l\000e\000s}{}% 39
\BOOKMARK [2][-]{subsection.17.1}{\376\377\000A\000l\000l\000\040\000P\000a\000r\000a\000m\000e\000t\000e\000r\000s\000\040\000a\000t\000\040\000a\000\040\000G\000l\000a\000n\000c\000e}{section.17}% 40
\BOOKMARK [2][-]{subsection.17.2}{\376\377\000P\000r\000o\000j\000e\000c\000t\000\040\000C\000o\000n\000f\000i\000g\000u\000r\000a\000t\000i\000o\000n\000\040\000S\000u\000m\000m\000a\000r\000y\000\040\040\024\000\040\000S\000i\000d\000e\000-\000b\000y\000-\000S\000i\000d\000e}{section.17}% 41
\BOOKMARK [1][-]{section*.2}{\376\377\000C\000l\000o\000s\000i\000n\000g\000\040\000N\000o\000t\000e\000s}{}% 42
